FIX_TIMING/ECO_FIX_TIMING_icc.tcl : set_cell_location -coordinates {4066.0300 421.2480} -orientation FS [get_cells place_opt_AINV_P_752471]
FIX_TIMING/ECO_FIX_TIMING_icc.tcl : set_cell_location -coordinates {4228.5700 220.8000} -orientation FS [get_cells place_opt_RLB__922751]
FIX_TIMING/ECO_FIX_TIMING_icc.tcl : set_cell_location -coordinates {4561.3000 236.9280} -orientation FS [get_cells place_opt_AINV_P_458596]
FIX_TIMING/ECO_FIX_TIMING_icc.tcl : set_cell_location -coordinates {3685.9600 595.7760} -orientation N [get_cells U267]
FIX_TIMING/ECO_FIX_TIMING_icc.tcl : set_cell_location -coordinates {3681.4600 592.3200} -orientation N [get_cells U6]
FIX_TIMING/ECO_FIX_TIMING_icc.tcl : set_cell_location -coordinates {3753.9100 374.0160} -orientation FS [get_cells place_opt_AINV_P_412992]
FIX_TIMING/ECO_FIX_TIMING_icc.tcl : set_cell_location -coordinates {3834.8200 386.6880} -orientation FS [get_cells place_opt_RLB__1002304]
FIX_TIMING/ECO_FIX_TIMING_icc.tcl : set_cell_location -coordinates {3682.9900 278.4000} -orientation FS [get_cells place_opt_AINV_P_366110]
FIX_TIMING/ECO_FIX_TIMING_icc.tcl : set_cell_location -coordinates {4791.4300 527.8080} -orientation N [get_cells place_opt_AINV_P_370686]
FIX_TIMING/ECO_FIX_TIMING_icc.tcl : set_cell_location -coordinates {4664.0800 523.2000} -orientation N [get_cells clock_opt_RLB__1244828]
FIX_TIMING/ECO_FIX_TIMING_icc.tcl : set_cell_location -coordinates {4347.1000 520.8960} -orientation N [get_cells clock_opt_RLB__1243653]
FIX_TIMING/ECO_FIX_TIMING_icc.tcl : set_cell_location -coordinates {4031.6500 514.5600} -orientation FS [get_cells place_opt_AINV_P_761919]
