
 violation range                      # of violations
 ------------------------------  --------------------
 -0.000ns < -0.010ns                                0
 -0.010ns < -0.020ns                                0
 -0.020ns < -0.030ns                                0
 -0.030ns < -0.040ns                                0
 -0.040ns < -0.050ns                                1
 -0.050ns < -0.060ns                                1
 -0.060ns < -0.070ns                                0
 -0.070ns < -0.080ns                                0
 -0.080ns < -0.090ns                                0
 -0.090ns < -0.100ns                                0
 -0.100ns < -0.110ns                                0
 -0.110ns < -0.120ns                                0
 -0.120ns < -0.130ns                                0
 -0.130ns < -0.140ns                                0
 -0.140ns < -0.150ns                                0
 -0.150ns < -0.160ns                                0
 -0.160ns < -0.170ns                                0
 -0.170ns < -0.180ns                                0
 -0.180ns < -0.190ns                                0
 -0.190ns < -0.200ns                                0
 -0.200ns < -0.300ns                                1
 -0.300ns < -0.400ns                                0
 -0.400ns < -0.500ns                                0
 -0.500ns < -1.000ns                                0
 -1.000ns < -2.000ns                                0
 -2.000ns < -5.000ns                                0
 -5.000ns <                                         0
 ------------------------------  --------------------
 total                                              3

 original skew range                  # of violations
 ------------------------------  --------------------
        < -5.0ns                                    0
 -5.0ns < -2.0ns                                    0
 -2.0ns < -1.0ns                                    0
 -1.0ns < -0.5ns                                    0
 -0.5ns < -0.2ns                                    0
 -0.2ns < -0.1ns                                    0
 -0.1ns <  0.0ns                                    0
  0.0ns < +0.1ns                                    0
 +0.1ns < +0.2ns                                    0
 +0.2ns < +0.5ns                                    0
 +0.5ns < +1.0ns                                    3
 +1.0ns < +2.0ns                                    0
 +2.0ns < +5.0ns                                    0
 +5.0ns <                                           0
 ------------------------------  --------------------
 total                                              3

 path group                           # of violations           worst slack
 ------------------------------  --------------------  --------------------
 test_ck                                            3                -0.207
 ------------------------------  --------------------  --------------------
 *                                                  3                -0.207

 startpoint clock      endpoint clock             # of violations           worst slack
 --------------------  --------------------  --------------------  --------------------
 test_ck               test_ck                                  3                -0.207
 --------------------  --------------------  --------------------  --------------------
 *                     *                                        3                -0.207

 startpoint block                endpoint block                       # of violations           worst slack
 ------------------------------  ------------------------------  --------------------  --------------------
 in                              u_pcie_top                                         3                -0.207
 ------------------------------  ------------------------------  --------------------  --------------------
 *                               *                                                  3                -0.207

 stage count                          # of violations
 ------------------------------  --------------------
                              5                     2
                              6                     1
 ------------------------------  --------------------
 total                                              3

<# of violations>	<startpoint> <slack> (<stage_count>) (<clock>:<clock_network_delay>)
			<endpoint>   <slack> (<stage_count>) (<clock>:<clock_network_delay>) (<skew>)

1	pcie_extest_scan_in[8] -0.207 (5) (test_ck:0.000)
	u_pcie_top/u_dbPcie_ios_top/u_core/i_axi_arbiter/uu4/D -0.207 (5) (test_ck:0.577) (0.577)

1	pcie_extest_scan_in[9] -0.049 (5) (test_ck:0.000)
	u_pcie_top/u_dbPcie_ios_top/u_core/i_pcie_dma/i_udma/i_crri_arb_sys/uu1/D -0.049 (5) (test_ck:0.525) (0.525)

1	pcie_extest_scan_in[3] -0.051 (6) (test_ck:0.000)
	u_pcie_top/u_dbPcie_ios_top/u_core/i_axi_wrapper/uu2/D -0.051 (6) (test_ck:0.524) (0.524)

